###############################################################################
#
# IAR ELF Linker V3.11.4.934 for STM8                     02/May/2022  12:27:07
# Copyright 2010-2019 IAR Systems AB.
#
#    Output file  =  
#        D:\(220313)\10. workspace\01. C_C++\11.
#        test\git_upload\cm300_v1.0_0413_cozmos\Debug\Exe\cm300_v1.0_0413_cozmos.out
#    Map file     =  
#        D:\(220313)\10. workspace\01. C_C++\11.
#        test\git_upload\cm300_v1.0_0413_cozmos\Debug\List\cm300_v1.0_0413_cozmos.map
#    Command line =  
#        -f C:\Users\user\AppData\Local\Temp\EW7316.tmp ("D:\(220313)\10.
#        workspace\01. C_C++\11.
#        test\git_upload\cm300_v1.0_0413_cozmos\Debug\Obj\cm300.o"
#        "D:\(220313)\10. workspace\01. C_C++\11.
#        test\git_upload\cm300_v1.0_0413_cozmos\Debug\Obj\main.o"
#        "D:\(220313)\10. workspace\01. C_C++\11.
#        test\git_upload\cm300_v1.0_0413_cozmos\Debug\Obj\stm8s_adc1.o"
#        "D:\(220313)\10. workspace\01. C_C++\11.
#        test\git_upload\cm300_v1.0_0413_cozmos\Debug\Obj\stm8s_clk.o"
#        "D:\(220313)\10. workspace\01. C_C++\11.
#        test\git_upload\cm300_v1.0_0413_cozmos\Debug\Obj\stm8s_flash.o"
#        "D:\(220313)\10. workspace\01. C_C++\11.
#        test\git_upload\cm300_v1.0_0413_cozmos\Debug\Obj\stm8s_gpio.o"
#        "D:\(220313)\10. workspace\01. C_C++\11.
#        test\git_upload\cm300_v1.0_0413_cozmos\Debug\Obj\stm8s_it.o"
#        "D:\(220313)\10. workspace\01. C_C++\11.
#        test\git_upload\cm300_v1.0_0413_cozmos\Debug\Obj\stm8s_tim1.o"
#        "D:\(220313)\10. workspace\01. C_C++\11.
#        test\git_upload\cm300_v1.0_0413_cozmos\Debug\Obj\stm8s_tim2.o"
#        "D:\(220313)\10. workspace\01. C_C++\11.
#        test\git_upload\cm300_v1.0_0413_cozmos\Debug\Obj\stm8s_tim4.o"
#        --redirect _Printf=_PrintfFullNoMb --redirect _Scanf=_ScanfFullNoMb
#        --no_out_extension -o "D:\(220313)\10. workspace\01. C_C++\11.
#        test\git_upload\cm300_v1.0_0413_cozmos\Debug\Exe\cm300_v1.0_0413_cozmos.out"
#        --map "D:\(220313)\10. workspace\01. C_C++\11.
#        test\git_upload\cm300_v1.0_0413_cozmos\Debug\List\cm300_v1.0_0413_cozmos.map"
#        --config "C:\Program Files (x86)\IAR Systems\Embedded Workbench
#        8.3\stm8\config\lnkstm8s003f3.icf" --config_def _CSTACK_SIZE=0x100
#        --config_def _HEAP_SIZE=0x100 --entry __iar_program_start --debug_lib)
#
###############################################################################

*******************************************************************************
*** RUNTIME MODEL ATTRIBUTES
***

__SystemLibrary            = DLib
__code_model               = small
__core                     = stm8
__data_model               = medium
__dlib_file_descriptor     = 0
__dlib_full_locale_support = 0
__rt_version               = 4


*******************************************************************************
*** PLACEMENT SUMMARY
***

"A0":  place at start of [0x000000-0x0000ff] { rw section .vregs };
"A1":  place at end of [0x000000-0x0003ff] { block CSTACK };
"P2":  place in [from 0x000000 to 0x0003ff] {
          block HEAP, rw section __DLIB_PERTHREAD, rw section .far.bss,
          rw section .far.data, rw section .far.noinit,
          rw section .far_func.textrw, rw section .huge.bss,
          rw section .huge.data, rw section .huge.noinit,
          rw section .huge_func.textrw, rw section .iar.dynexit,
          rw section .near.bss, rw section .near.data, rw section .near.noinit,
          rw section .near_func.textrw };
"A2":  place at start of [0x008000-0x009fff] { block INTVEC };
"P3":  place in [from 0x008000 to 0x009fff] {
          ro section __DLIB_PERTHREAD_init, ro section .far.data_init,
          ro section .far_func.textrw_init, ro section .huge.data_init,
          ro section .huge_func.textrw_init, ro section .iar.init_table,
          ro section .init_array, ro section .near.data_init,
          ro section .near.rodata, ro section .near_func.text,
          ro section .near_func.textrw_init, ro section .tiny.data_init,
          ro section .tiny.rodata_init };
"P4":  place in [from 0x008000 to 0x009fff] {
          ro section .far.rodata, ro section .far_func.text };
"P5":  place in [from 0x008000 to 0x009fff] {
          ro section .huge.rodata, ro section .huge_func.text };
do not initialize {
   rw section .eeprom.noinit, rw section .far.noinit, rw section .huge.noinit,
   rw section .near.noinit, rw section .tiny.noinit, rw section .vregs };
initialize by copy {
   rw section .far.bss, rw section .far.data, rw section .far_func.textrw,
   rw section .huge.bss, rw section .huge.data, rw section .huge_func.textrw,
   rw section .iar.dynexit, rw section .near.bss, rw section .near.data,
   rw section .near_func.textrw, rw section .tiny.bss, rw section .tiny.data,
   ro section .tiny.rodata };

No sections matched the following patterns:

  ro section .far.data_init          in "P3-P5"
  ro section .far.rodata             in "P3-P5"
  ro section .far_func.text          in "P3-P5"
  ro section .far_func.textrw_init   in "P3-P5"
  ro section .huge.data_init         in "P3-P5"
  ro section .huge.rodata            in "P3-P5"
  ro section .huge_func.text         in "P3-P5"
  ro section .huge_func.textrw_init  in "P3-P5"
  ro section .iar.init_table         in "P3-P5"
  ro section .init_array             in "P3-P5"
  ro section .near_func.textrw_init  in "P3-P5"
  ro section .tiny.data_init         in "P3-P5"
  ro section .tiny.rodata_init       in "P3-P5"
  ro section __DLIB_PERTHREAD_init   in "P3-P5"
  rw section .far.bss                in "P2"
  rw section .far.data               in "P2"
  rw section .far.noinit             in "P2"
  rw section .far_func.textrw        in "P2"
  rw section .huge.bss               in "P2"
  rw section .huge.data              in "P2"
  rw section .huge.noinit            in "P2"
  rw section .huge_func.textrw       in "P2"
  rw section .iar.dynexit            in "P2"
  rw section .near.noinit            in "P2"
  rw section .near_func.textrw       in "P2"
  rw section .tiny.bss               in "P1"
  rw section .tiny.data              in "P1"
  rw section .tiny.noinit            in "P1"
  rw section .tiny.rodata            in "P1"
  rw section __DLIB_PERTHREAD        in "P2"
  section .eeprom.data               in "P6-P8"
  section .eeprom.noinit             in "P6-P8"
  section .eeprom.rodata             in "P6-P8"


  Section            Kind      Address    Size  Object
  -------            ----      -------    ----  ------
"A0":                                     0x10
  .vregs             uninit   0x000000    0x10  vregs.o [4]
                            - 0x000010    0x10

"P2":                                     0x27
  P2-1                        0x000010    0x27  <Init block>
    .near.data       inited   0x000010    0x10  cm300.o [1]
    .near.data       inited   0x000020    0x10  cm300.o [1]
    .near.bss        inited   0x000030     0x1  main.o [1]
    .near.bss        inited   0x000031     0x1  main.o [1]
    .near.bss        inited   0x000032     0x1  main.o [1]
    .near.bss        inited   0x000033     0x4  main.o [1]
                            - 0x000037    0x27

"A1":                                    0x100
  CSTACK                      0x000300   0x100  <Block>
    CSTACK           uninit   0x000300   0x100  <Block tail>
                            - 0x000400   0x100

"A2":                                     0x80
  INTVEC                      0x008000    0x80  <Block>
    .intvec          const    0x008000    0x80  interrupt.o [4]
                            - 0x008080    0x80

"P3-P5":                                0x13e0
  .near_func.text    ro code  0x008080   0x54d  main.o [1]
  .near_func.text    ro code  0x0085cd   0x10a  cm300.o [1]
  .near_func.text    ro code  0x0086d7    0xe6  long.o [4]
  .near_func.text    ro code  0x0087bd    0xaa  vreg_util.o [4]
  .near_func.text    ro code  0x008867    0x9e  stm8s_clk.o [1]
  .near_func.text    ro code  0x008905    0x99  stm8s_tim1.o [1]
  .near_func.text    ro code  0x00899e    0x8e  stm8s_gpio.o [1]
  .near_func.text    ro code  0x008a2c    0x76  cm300.o [1]
  .near_func.text    ro code  0x008aa2    0x70  stm8s_adc1.o [1]
  .near_func.text    ro code  0x008b12    0x61  stm8s_tim1.o [1]
  .near_func.text    ro code  0x008b73    0x5f  long_util.o [4]
  .near_func.text    ro code  0x008bd2    0x59  cm300.o [1]
  .near_func.text    ro code  0x008c2b    0x59  stm8s_tim2.o [1]
  .near_func.text    ro code  0x008c84    0x58  stm8s_clk.o [1]
  .near_func.text    ro code  0x008cdc    0x56  stm8s_clk.o [1]
  .near_func.text    ro code  0x008d32    0x55  stm8s_adc1.o [1]
  .near_func.text    ro code  0x008d87    0x55  stm8s_adc1.o [1]
  .near_func.text    ro code  0x008ddc    0x52  cm300.o [1]
  .near_func.text    ro code  0x008e2e    0x52  stm8s_adc1.o [1]
  .near_func.text    ro code  0x008e80    0x4d  short.o [4]
  .near_func.text    ro code  0x008ecd    0x44  cm300.o [1]
  .near_func.text    ro code  0x008f11    0x36  stm8s_clk.o [1]
  .near_func.text    ro code  0x008f47    0x31  stm8s_adc1.o [1]
  .near_func.text    ro code  0x008f78    0x31  stm8s_tim2.o [1]
  .near_func.text    ro code  0x008fa9    0x30  stm8s_clk.o [1]
  .near_func.text    ro code  0x008fd9    0x2f  stm8s_adc1.o [1]
  .near_func.text    ro code  0x009008    0x2c  stm8s_adc1.o [1]
  .near_func.text    ro code  0x009034    0x2a  cm300.o [1]
  .near_func.text    ro code  0x00905e    0x29  stm8s_tim2.o [1]
  .near_func.text    ro code  0x009087    0x28  init_small.o [4]
  .near_func.text    ro code  0x0090af    0x27  stm8s_it.o [1]
  Initializer bytes  const    0x0090d6    0x27  <for P2-1>
  .near_func.text    ro code  0x0090fd    0x26  cm300.o [1]
  .near_func.text    ro code  0x009123    0x24  cm300.o [1]
  .near_func.text    ro code  0x009147    0x24  stm8s_tim1.o [1]
  .near_func.text    ro code  0x00916b    0x21  stm8s_adc1.o [1]
  .near_func.text    ro code  0x00918c    0x21  stm8s_it.o [1]
  .iar.init_table    const    0x0091ad     0xa  - Linker created -
  .near_func.text    ro code  0x0091b7    0x20  cm300.o [1]
  .near_func.text    ro code  0x0091d7    0x1e  cm300.o [1]
  .near_func.text    ro code  0x0091f5    0x1e  cm300.o [1]
  .near_func.text    ro code  0x009213    0x1a  stm8s_tim2.o [1]
  .near_func.text    ro code  0x00922d    0x1a  stm8s_tim4.o [1]
  .near_func.text    ro code  0x009247    0x19  stm8s_tim4.o [1]
  .near_func.text    ro code  0x009260    0x18  stm8s_flash.o [1]
  .near_func.text    ro code  0x009278    0x16  stm8s_flash.o [1]
  .near_func.text    ro code  0x00928e    0x14  init.o [4]
  .near_func.text    ro code  0x0092a2    0x14  __dbg_xxexit.o [3]
  .near_func.text    ro code  0x0092b6    0x13  cm300.o [1]
  .near_func.text    ro code  0x0092c9    0x13  stm8s_adc1.o [1]
  .near_func.text    ro code  0x0092dc    0x13  stm8s_clk.o [1]
  .near_func.text    ro code  0x0092ef    0x13  cstartup.o [4]
  .near.rodata       const    0x009302    0x12  main.o [1]
  .near.rodata       const    0x009314    0x12  main.o [1]
  .near_func.text    ro code  0x009326    0x12  cm300.o [1]
  .near_func.text    ro code  0x009338    0x11  cm300.o [1]
  .near_func.text    ro code  0x009349     0xf  stm8s_flash.o [1]
  .near_func.text    ro code  0x009358     0xd  stm8s_adc1.o [1]
  .near_func.text    ro code  0x009365     0xd  stm8s_clk.o [1]
  .near_func.text    ro code  0x009372     0xd  stm8s_clk.o [1]
  .near_func.text    ro code  0x00937f     0xd  stm8s_clk.o [1]
  .near_func.text    ro code  0x00938c     0xd  stm8s_clk.o [1]
  .near_func.text    ro code  0x009399     0xd  stm8s_tim1.o [1]
  .near_func.text    ro code  0x0093a6     0xd  stm8s_tim1.o [1]
  .near_func.text    ro code  0x0093b3     0xd  stm8s_tim2.o [1]
  .near_func.text    ro code  0x0093c0     0xd  stm8s_tim2.o [1]
  .near_func.text    ro code  0x0093cd     0xd  stm8s_tim2.o [1]
  .near_func.text    ro code  0x0093da     0xd  stm8s_tim4.o [1]
  .near_func.text    ro code  0x0093e7     0xd  move.o [4]
  .near_func.text    ro code  0x0093f4     0xd  dc_util.o [4]
  .near_func.text    ro code  0x009401     0xc  stm8s_tim2.o [1]
  .near_func.text    ro code  0x00940d     0x9  stm8s_tim4.o [1]
  .near_func.text    ro code  0x009416     0x6  cm300.o [1]
  .near_func.text    ro code  0x00941c     0x5  stm8s_adc1.o [1]
  .near_func.text    ro code  0x009421     0x5  stm8s_tim2.o [1]
  .near_func.text    ro code  0x009426     0x5  stm8s_tim4.o [1]
  .near_func.text    ro code  0x00942b     0x5  stm8s_tim4.o [1]
  .near_func.text    ro code  0x009430     0x5  cexit.o [4]
  .near_func.text    ro code  0x009435     0x4  stm8s_flash.o [1]
  .near_func.text    ro code  0x009439     0x4  stm8s_flash.o [1]
  .near_func.text    ro code  0x00943d     0x4  stm8s_gpio.o [1]
  .near_func.text    ro code  0x009441     0x3  interrupt.o [4]
  .near_func.text    ro code  0x009444     0x3  low_level_init.o [4]
  .near_func.text    ro code  0x009447     0x3  exit.o [4]
  .near_func.text    ro code  0x00944a     0x3  unhandled_exception.o [4]
  .near_func.text    ro code  0x00944d     0x1  stm8s_it.o [1]
  .near_func.text    ro code  0x00944e     0x1  stm8s_it.o [1]
  .near_func.text    ro code  0x00944f     0x1  stm8s_it.o [1]
  .near_func.text    ro code  0x009450     0x1  stm8s_it.o [1]
  .near_func.text    ro code  0x009451     0x1  stm8s_it.o [1]
  .near_func.text    ro code  0x009452     0x1  stm8s_it.o [1]
  .near_func.text    ro code  0x009453     0x1  stm8s_it.o [1]
  .near_func.text    ro code  0x009454     0x1  stm8s_it.o [1]
  .near_func.text    ro code  0x009455     0x1  stm8s_it.o [1]
  .near_func.text    ro code  0x009456     0x1  stm8s_it.o [1]
  .near_func.text    ro code  0x009457     0x1  stm8s_it.o [1]
  .near_func.text    ro code  0x009458     0x1  stm8s_it.o [1]
  .near_func.text    ro code  0x009459     0x1  stm8s_it.o [1]
  .near_func.text    ro code  0x00945a     0x1  stm8s_it.o [1]
  .near_func.text    ro code  0x00945b     0x1  stm8s_it.o [1]
  .near_func.text    ro code  0x00945c     0x1  stm8s_it.o [1]
  .near_func.text    ro code  0x00945d     0x1  stm8s_it.o [1]
  .near_func.text    ro code  0x00945e     0x1  stm8s_it.o [1]
  .near_func.text    ro code  0x00945f     0x1  __dbg_break.o [3]
                            - 0x009460  0x13e0


*******************************************************************************
*** INIT TABLE
***

          Address   Size
          -------   ----
Copy (__iar_copy_init2)
    1 source range, total size 0x27:
          0x0090d6  0x27
    1 destination range, total size 0x27:
          0x000010  0x27



*******************************************************************************
*** MODULE SUMMARY
***

    Module                 ro code  ro data  rw data
    ------                 -------  -------  -------
D:\(220313)\10. workspace\01. C_C++\11. test\git_upload\cm300_v1.0_0413_cozmos\Debug\Obj: [1]
    cm300.o                    891       32       32
    main.o                   1 357       43        7
    stm8s_adc1.o               574
    stm8s_clk.o                505
    stm8s_flash.o               69
    stm8s_gpio.o               146
    stm8s_it.o                  90
    stm8s_tim1.o               312
    stm8s_tim2.o               261
    stm8s_tim4.o                83
    ------------------------------------------------
    Total:                   4 288       75       39

command line: [2]
    ------------------------------------------------
    Total:

dbgstm8smd.a: [3]
    __dbg_break.o                1
    __dbg_xxexit.o              20
    ------------------------------------------------
    Total:                      21

dlstm8smn.a: [4]
    cexit.o                      5
    cstartup.o                  19
    dc_util.o                   13
    exit.o                       3
    init.o                      20
    init_small.o                40
    interrupt.o                  3      128
    long.o                     230
    long_util.o                 95
    low_level_init.o             3
    move.o                      13
    short.o                     77
    unhandled_exception.o        3
    vreg_util.o                170
    vregs.o                                       16
    ------------------------------------------------
    Total:                     694      128       16

    Linker created                       10      256
----------------------------------------------------
    Grand Total:             5 003      213      311


*******************************************************************************
*** ENTRY LIST
***

Entry                    Address   Size  Type      Object
-----                    -------   ----  ----      ------
.iar.init_table$$Base   0x0091ad          --   Gb  - Linker created -
.iar.init_table$$Limit  0x0091b7          --   Gb  - Linker created -
?b0                     0x000000         Data  Gb  vregs.o [4]
?b1                     0x000001         Data  Gb  vregs.o [4]
?b10                    0x00000a         Data  Gb  vregs.o [4]
?b11                    0x00000b         Data  Gb  vregs.o [4]
?b12                    0x00000c         Data  Gb  vregs.o [4]
?b13                    0x00000d         Data  Gb  vregs.o [4]
?b14                    0x00000e         Data  Gb  vregs.o [4]
?b15                    0x00000f         Data  Gb  vregs.o [4]
?b2                     0x000002         Data  Gb  vregs.o [4]
?b3                     0x000003         Data  Gb  vregs.o [4]
?b4                     0x000004         Data  Gb  vregs.o [4]
?b5                     0x000005         Data  Gb  vregs.o [4]
?b6                     0x000006         Data  Gb  vregs.o [4]
?b7                     0x000007         Data  Gb  vregs.o [4]
?b8                     0x000008         Data  Gb  vregs.o [4]
?b9                     0x000009         Data  Gb  vregs.o [4]
?dc32_l0                0x0093f4         Code  Gb  dc_util.o [4]
?e0                     0x000001         Data  Gb  vregs.o [4]
?e1                     0x000005         Data  Gb  vregs.o [4]
?e2                     0x000009         Data  Gb  vregs.o [4]
?e3                     0x00000d         Data  Gb  vregs.o [4]
?epilogue_l2            0x00883e         Code  Gb  vreg_util.o [4]
?epilogue_w4            0x008842         Code  Gb  vreg_util.o [4]
?inc32_0x_0x            0x0086dc         Code  Gb  long.o [4]
?inc32_l0_l0            0x0086d7         Code  Gb  long.o [4]
?l0                     0x000000         Data  Gb  vregs.o [4]
?l1                     0x000004         Data  Gb  vregs.o [4]
?l2                     0x000008         Data  Gb  vregs.o [4]
?l3                     0x00000c         Data  Gb  vregs.o [4]
?load32_0x_l0           0x008bc4         Code  Gb  long_util.o [4]
?load32_asp_l0          0x008bb8         Code  Gb  long_util.o [4]
?load32_dbsp_l0         0x008bb3         Code  Gb  long_util.o [4]
?load32_l0_0x           0x008b73         Code  Gb  long_util.o [4]
?load32_l1_0x           0x008b8f         Code  Gb  long_util.o [4]
?load32_l1_asp          0x008b84         Code  Gb  long_util.o [4]
?load32_l1_dbsp         0x008b7f         Code  Gb  long_util.o [4]
?load32_l1_xsp          0x008b86         Code  Gb  long_util.o [4]
?load32_l2_0x           0x008b9b         Code  Gb  long_util.o [4]
?load32_l3_0x           0x008ba7         Code  Gb  long_util.o [4]
?load32_xsp_l0          0x008bba         Code  Gb  long_util.o [4]
?mov_e1_e2              0x008849         Code  Gb  vreg_util.o [4]
?mov_e1_e3              0x008856         Code  Gb  vreg_util.o [4]
?mov_l1_l2              0x008846         Code  Gb  vreg_util.o [4]
?mov_l1_l3              0x008853         Code  Gb  vreg_util.o [4]
?mov_w3_w5              0x00884c         Code  Gb  vreg_util.o [4]
?mov_w3_w7              0x008859         Code  Gb  vreg_util.o [4]
?mov_w5_w1              0x008860         Code  Gb  vreg_util.o [4]
?move1616_v_x_y_a       0x0093e7         Code  Gb  move.o [4]
?mul16_x_x_w0           0x008e80         Code  Gb  short.o [4]
?pop_l0                 0x008815         Code  Gb  vreg_util.o [4]
?pop_l1                 0x008820         Code  Gb  vreg_util.o [4]
?pop_l2                 0x00882b         Code  Gb  vreg_util.o [4]
?pop_w4                 0x0087d5         Code  Gb  vreg_util.o [4]
?push_l0                0x0087e4         Code  Gb  vreg_util.o [4]
?push_l1                0x0087e9         Code  Gb  vreg_util.o [4]
?push_l2                0x0087ee         Code  Gb  vreg_util.o [4]
?push_l3                0x0087f3         Code  Gb  vreg_util.o [4]
?push_w4                0x0087bd         Code  Gb  vreg_util.o [4]
?sdiv16_x_x_y           0x008e9e         Code  Gb  short.o [4]
?sdiv32_l0_dl_l1        0x008772         Code  Gb  long.o [4]
?sdiv32_l0_l0_l1        0x008777         Code  Gb  long.o [4]
?sext16_x_a             0x008ec6         Code  Gb  short.o [4]
?sll16_x_x_4            0x008ec1         Code  Gb  short.o [4]
?sll16_x_x_5            0x008ec0         Code  Gb  short.o [4]
?sll16_x_x_6            0x008ebf         Code  Gb  short.o [4]
?sll16_x_x_a            0x008eb7         Code  Gb  short.o [4]
?smod32_l1_l0_l1        0x008777         Code  Gb  long.o [4]
?sub32_l0_l0_0x         0x0086ed         Code  Gb  long.o [4]
?sub32_l0_l0_l1         0x0086ea         Code  Gb  long.o [4]
?udiv32_l0_l0_l1        0x008705         Code  Gb  long.o [4]
?umod32_l1_l0_l1        0x008705         Code  Gb  long.o [4]
?w0                     0x000000         Data  Gb  vregs.o [4]
?w1                     0x000002         Data  Gb  vregs.o [4]
?w2                     0x000004         Data  Gb  vregs.o [4]
?w3                     0x000006         Data  Gb  vregs.o [4]
?w4                     0x000008         Data  Gb  vregs.o [4]
?w5                     0x00000a         Data  Gb  vregs.o [4]
?w6                     0x00000c         Data  Gb  vregs.o [4]
?w7                     0x00000e         Data  Gb  vregs.o [4]
ADC1_ClearFlag          0x008e2e   0x52  Code  Gb  stm8s_adc1.o [1]
ADC1_Cmd                0x009358    0xd  Code  Gb  stm8s_adc1.o [1]
ADC1_ConversionConfig   0x008fd9   0x2f  Code  Gb  stm8s_adc1.o [1]
ADC1_DeInit             0x008f47   0x31  Code  Gb  stm8s_adc1.o [1]
ADC1_ExternalTriggerConfig
                        0x00916b   0x21  Code  Gb  stm8s_adc1.o [1]
ADC1_GetConversionValue
                        0x008d32   0x55  Code  Gb  stm8s_adc1.o [1]
ADC1_GetFlagStatus      0x008d87   0x55  Code  Gb  stm8s_adc1.o [1]
ADC1_IRQHandler         0x00945d    0x1  Code  Gb  stm8s_it.o [1]
ADC1_Init               0x009008   0x2c  Code  Gb  stm8s_adc1.o [1]
ADC1_PrescalerConfig    0x0092c9   0x13  Code  Gb  stm8s_adc1.o [1]
ADC1_SchmittTriggerConfig
                        0x008aa2   0x70  Code  Gb  stm8s_adc1.o [1]
ADC1_StartConversion    0x00941c    0x5  Code  Gb  stm8s_adc1.o [1]
AWU_IRQHandler          0x00944f    0x1  Code  Gb  stm8s_it.o [1]
CLK_ClockSwitchCmd      0x00938c    0xd  Code  Gb  stm8s_clk.o [1]
CLK_ClockSwitchConfig   0x008867   0x9e  Code  Gb  stm8s_clk.o [1]
CLK_DeInit              0x008f11   0x36  Code  Gb  stm8s_clk.o [1]
CLK_GetFlagStatus       0x008cdc   0x56  Code  Gb  stm8s_clk.o [1]
CLK_HSECmd              0x009365    0xd  Code  Gb  stm8s_clk.o [1]
CLK_HSICmd              0x009372    0xd  Code  Gb  stm8s_clk.o [1]
CLK_HSIPrescalerConfig  0x0092dc   0x13  Code  Gb  stm8s_clk.o [1]
CLK_IRQHandler          0x009450    0x1  Code  Gb  stm8s_it.o [1]
CLK_LSICmd              0x00937f    0xd  Code  Gb  stm8s_clk.o [1]
CLK_PeripheralClockConfig
                        0x008c84   0x58  Code  Gb  stm8s_clk.o [1]
CLK_SYSCLKConfig        0x008fa9   0x30  Code  Gb  stm8s_clk.o [1]
CSTACK$$Base            0x000300          --   Gb  - Linker created -
CSTACK$$Limit           0x000400          --   Gb  - Linker created -
EEPROM_EEC_IRQHandler   0x00945e    0x1  Code  Gb  stm8s_it.o [1]
EXTI_PORTA_IRQHandler   0x009451    0x1  Code  Gb  stm8s_it.o [1]
EXTI_PORTB_IRQHandler   0x009452    0x1  Code  Gb  stm8s_it.o [1]
EXTI_PORTC_IRQHandler   0x009453    0x1  Code  Gb  stm8s_it.o [1]
EXTI_PORTD_IRQHandler   0x009454    0x1  Code  Gb  stm8s_it.o [1]
EXTI_PORTE_IRQHandler   0x009455    0x1  Code  Gb  stm8s_it.o [1]
FLASH_GetFlagStatus     0x009260   0x18  Code  Gb  stm8s_flash.o [1]
FLASH_ProgramByte       0x009435    0x4  Code  Gb  stm8s_flash.o [1]
FLASH_ReadByte          0x009439    0x4  Code  Gb  stm8s_flash.o [1]
FLASH_SetProgrammingTime
                        0x009349    0xf  Code  Gb  stm8s_flash.o [1]
FLASH_Unlock            0x009278   0x16  Code  Gb  stm8s_flash.o [1]
GPIO_Init               0x00899e   0x8e  Code  Gb  stm8s_gpio.o [1]
GPIO_WriteLow           0x00943d    0x4  Code  Gb  stm8s_gpio.o [1]
I2C_IRQHandler          0x00945c    0x1  Code  Gb  stm8s_it.o [1]
INTVEC$$Base            0x008000          --   Gb  - Linker created -
INTVEC$$Limit           0x008080          --   Gb  - Linker created -
Region$$Table$$Base     0x0091ad          --   Gb  - Linker created -
Region$$Table$$Limit    0x0091b7          --   Gb  - Linker created -
SPI_IRQHandler          0x009456    0x1  Code  Gb  stm8s_it.o [1]
TIM1_CAP_COM_IRQHandler
                        0x009458    0x1  Code  Gb  stm8s_it.o [1]
TIM1_Cmd                0x009399    0xd  Code  Gb  stm8s_tim1.o [1]
TIM1_CtrlPWMOutputs     0x0093a6    0xd  Code  Gb  stm8s_tim1.o [1]
TIM1_DeInit             0x008905   0x99  Code  Gb  stm8s_tim1.o [1]
TIM1_OC1Init            0x008b12   0x61  Code  Gb  stm8s_tim1.o [1]
TIM1_TimeBaseInit       0x009147   0x24  Code  Gb  stm8s_tim1.o [1]
TIM1_UPD_OVF_TRG_BRK_IRQHandler
                        0x009457    0x1  Code  Gb  stm8s_it.o [1]
TIM2_ARRPreloadConfig   0x0093c0    0xd  Code  Gb  stm8s_tim2.o [1]
TIM2_CAP_COM_IRQHandler
                        0x009459    0x1  Code  Gb  stm8s_it.o [1]
TIM2_ClearITPendingBit  0x009421    0x5  Code  Gb  stm8s_tim2.o [1]
TIM2_Cmd                0x0093b3    0xd  Code  Gb  stm8s_tim2.o [1]
TIM2_DeInit             0x008c2b   0x59  Code  Gb  stm8s_tim2.o [1]
TIM2_GetITStatus        0x00905e   0x29  Code  Gb  stm8s_tim2.o [1]
TIM2_ITConfig           0x009213   0x1a  Code  Gb  stm8s_tim2.o [1]
TIM2_OC1Init            0x008f78   0x31  Code  Gb  stm8s_tim2.o [1]
TIM2_OC1PreloadConfig   0x0093cd    0xd  Code  Gb  stm8s_tim2.o [1]
TIM2_TimeBaseInit       0x009401    0xc  Code  Gb  stm8s_tim2.o [1]
TIM2_UPD_OVF_BRK_IRQHandler
                        0x00918c   0x21  Code  Gb  stm8s_it.o [1]
TIM4_ClearFlag          0x009426    0x5  Code  Gb  stm8s_tim4.o [1]
TIM4_ClearITPendingBit  0x00942b    0x5  Code  Gb  stm8s_tim4.o [1]
TIM4_Cmd                0x0093da    0xd  Code  Gb  stm8s_tim4.o [1]
TIM4_DeInit             0x009247   0x19  Code  Gb  stm8s_tim4.o [1]
TIM4_ITConfig           0x00922d   0x1a  Code  Gb  stm8s_tim4.o [1]
TIM4_TimeBaseInit       0x00940d    0x9  Code  Gb  stm8s_tim4.o [1]
TIM4_UPD_OVF_IRQHandler
                        0x0090af   0x27  Code  Gb  stm8s_it.o [1]
TLI_IRQHandler          0x00944e    0x1  Code  Gb  stm8s_it.o [1]
TRAP_IRQHandler         0x00944d    0x1  Code  Gb  stm8s_it.o [1]
UART1_RX_IRQHandler     0x00945b    0x1  Code  Gb  stm8s_it.o [1]
UART1_TX_IRQHandler     0x00945a    0x1  Code  Gb  stm8s_it.o [1]
__DebugBreak            0x00945f    0x1  Code  Gb  __dbg_break.o [3]
__exit                  0x0092a2   0x14  Code  Gb  __dbg_xxexit.o [3]
__iar_copy_init2        0x009087         Code  Gb  init_small.o [4]
__iar_data_init2        0x00928e   0x14  Code  Gb  init.o [4]
__iar_program_start     0x0092ef         Code  Gb  cstartup.o [4]
__iar_unhandled_exception
                        0x00944a         Code  Gb  unhandled_exception.o [4]
__intvec                0x008000         Data  Gb  interrupt.o [4]
__low_level_init        0x009444    0x3  Code  Gb  low_level_init.o [4]
_exit                   0x009430         Code  Gb  cexit.o [4]
_interrupt_1            0x00944d         Code  Gb  stm8s_it.o [1]
_interrupt_12           0x009456         Code  Gb  stm8s_it.o [1]
_interrupt_13           0x009457         Code  Gb  stm8s_it.o [1]
_interrupt_14           0x009458         Code  Gb  stm8s_it.o [1]
_interrupt_15           0x00918c         Code  Gb  stm8s_it.o [1]
_interrupt_16           0x009459         Code  Gb  stm8s_it.o [1]
_interrupt_19           0x00945a         Code  Gb  stm8s_it.o [1]
_interrupt_2            0x00944e         Code  Gb  stm8s_it.o [1]
_interrupt_20           0x00945b         Code  Gb  stm8s_it.o [1]
_interrupt_21           0x00945c         Code  Gb  stm8s_it.o [1]
_interrupt_24           0x00945d         Code  Gb  stm8s_it.o [1]
_interrupt_25           0x0090af         Code  Gb  stm8s_it.o [1]
_interrupt_26           0x00945e         Code  Gb  stm8s_it.o [1]
_interrupt_3            0x00944f         Code  Gb  stm8s_it.o [1]
_interrupt_4            0x009450         Code  Gb  stm8s_it.o [1]
_interrupt_5            0x009451         Code  Gb  stm8s_it.o [1]
_interrupt_6            0x009452         Code  Gb  stm8s_it.o [1]
_interrupt_7            0x009453         Code  Gb  stm8s_it.o [1]
_interrupt_8            0x009454         Code  Gb  stm8s_it.o [1]
_interrupt_9            0x009455         Code  Gb  stm8s_it.o [1]
adc_init                0x009123   0x24  Code  Gb  cm300.o [1]
beep_ceg                0x008637   0x30  Code  Gb  cm300.o [1]
beep_cegc               0x008667   0x3c  Code  Gb  cm300.o [1]
beep_gec                0x0086a3   0x34  Code  Gb  cm300.o [1]
beep_gfedc              0x0085e3   0x32  Code  Gb  cm300.o [1]
beep_one                0x008615   0x22  Code  Gb  cm300.o [1]
beep_play_freq          0x008ddc   0x52  Code  Gb  cm300.o [1]
beep_stop               0x0085cd   0x16  Code  Gb  cm300.o [1]
board_init              0x009326   0x12  Code  Gb  cm300.o [1]
clk_init                0x008a2c   0x76  Code  Gb  cm300.o [1]
delay                   0x0090fd   0x26  Code  Gb  cm300.o [1]
duration                0x000020   0x10  Data  Gb  cm300.o [1]
exit                    0x009447    0x3  Code  Gb  exit.o [4]
flash_init              0x0092b6   0x13  Code  Gb  cm300.o [1]
freq                    0x000010   0x10  Data  Gb  cm300.o [1]
gFuncState              0x000031    0x1  Data  Gb  main.o [1]
gLastFuncState          0x000032    0x1  Data  Gb  main.o [1]
gPowerState             0x000030    0x1  Data  Gb  main.o [1]
gTimeTick               0x000033    0x4  Data  Gb  main.o [1]
get_batt_level          0x0091b7   0x20  Code  Gb  cm300.o [1]
get_key_status          0x009416    0x6  Code  Gb  cm300.o [1]
gpio_init               0x008ecd   0x44  Code  Gb  cm300.o [1]
led_ind_cmd             0x0091f5   0x1e  Code  Gb  cm300.o [1]
main                    0x008080  0x54d  Code  Gb  main.o [1]
motor_cmd               0x0091d7   0x1e  Code  Gb  cm300.o [1]
motor_enable_duty       0x009034   0x2a  Code  Gb  cm300.o [1]
ps_hold_cmd             0x009338   0x11  Code  Gb  cm300.o [1]
timer_init              0x008bd2   0x59  Code  Gb  cm300.o [1]


[1] = D:\(220313)\10. workspace\01. C_C++\11. test\git_upload\cm300_v1.0_0413_cozmos\Debug\Obj
[2] = command line
[3] = dbgstm8smd.a
[4] = dlstm8smn.a

  5 003 bytes of readonly  code memory
    213 bytes of readonly  data memory
    311 bytes of readwrite data memory

Errors: none
Warnings: none
